******************************************************************************
                  TI ARM Linker PC v20.2.7                     
******************************************************************************
>> Linked Sun Oct 29 20:43:26 2023

OUTPUT FILE NAME:   <LCD.out>
ENTRY POINT SYMBOL: "_c_int00_noinit_noargs"  address: 00000715


MEMORY CONFIGURATION

         name            origin    length      used     unused   attr    fill
----------------------  --------  ---------  --------  --------  ----  --------
  FLASH                 00000000   00040000  0000077a  0003f886  R  X
  SRAM                  20000000   00008000  00000200  00007e00  RW X


SEGMENT ALLOCATION MAP

run origin  load origin   length   init length attrs members
----------  ----------- ---------- ----------- ----- -------
00000000    00000000    0000077a   0000077a    r-x
  00000000    00000000    0000026c   0000026c    r-- .intvecs
  0000026c    0000026c    0000050e   0000050e    r-x .text
20000000    20000000    00000200   00000000    rw-
  20000000    20000000    00000200   00000000    rw- .stack


SECTION ALLOCATION MAP

 output                                  attributes/
section   page    origin      length       input sections
--------  ----  ----------  ----------   ----------------
.intvecs   0    00000000    0000026c     
                  00000000    0000026c     tm4c123gh6pm_startup_ccs.obj (.intvecs)

.text      0    0000026c    0000050e     
                  0000026c    00000184     LCD.obj (.text)
                  000003f0    0000016c     driverlib.lib : gpio.obj (.text:GPIOPadConfigSet)
                  0000055c    000000f4                   : sysctl.obj (.text:SysCtlClockSet)
                  00000650    00000062     main.obj (.text)
                  000006b2    00000002     --HOLE-- [fill = 0]
                  000006b4    00000034     driverlib.lib : sysctl.obj (.text:SysCtlPeripheralEnable)
                  000006e8    0000002c                   : gpio.obj (.text:GPIODirModeSet)
                  00000714    0000002c     rtsv7M4_T_le_v4SPD16_eabi.lib : boot_cortex_m.c.obj (.text:_c_int00_noinit_noargs:_c_int00_noinit_noargs)
                  00000740    0000001a     driverlib.lib : gpio.obj (.text:GPIOPinTypeGPIOOutput)
                  0000075a    0000000c     tm4c123gh6pm_startup_ccs.obj (.text)
                  00000766    00000006     driverlib.lib : gpio.obj (.text:GPIOPinWrite)
                  0000076c    00000006                   : sysctl.obj (.text:SysCtlDelay)
                  00000772    00000004     rtsv7M4_T_le_v4SPD16_eabi.lib : pre_init.c.obj (.text:_system_pre_init)
                  00000776    00000004                                   : exit.c.obj (.text:abort:abort)

.cinit     0    00000000    00000000     UNINITIALIZED

.init_array 
*          0    00000000    00000000     UNINITIALIZED

.stack     0    20000000    00000200     UNINITIALIZED
                  20000000    00000004     rtsv7M4_T_le_v4SPD16_eabi.lib : boot_cortex_m.c.obj (.stack)
                  20000004    000001fc     --HOLE--

__llvm_prf_cnts 
*          0    20000000    00000000     UNINITIALIZED

MODULE SUMMARY

       Module                         code   ro data   rw data
       ------                         ----   -------   -------
    .\
       tm4c123gh6pm_startup_ccs.obj   12     620       0      
       LCD.obj                        388    0         0      
       main.obj                       98     0         0      
    +--+------------------------------+------+---------+---------+
       Total:                         498    620       0      
                                                              
    C:/ti/TivaWare_C_Series-2.2.0.295/driverlib/ccs/Debug/driverlib.lib
       gpio.obj                       440    0         0      
       sysctl.obj                     302    0         0      
    +--+------------------------------+------+---------+---------+
       Total:                         742    0         0      
                                                              
    C:\ti\ccs1230\ccs\tools\compiler\ti-cgt-arm_20.2.7.LTS\lib\rtsv7M4_T_le_v4SPD16_eabi.lib
       boot_cortex_m.c.obj            44     0         0      
       exit.c.obj                     4      0         0      
       pre_init.c.obj                 4      0         0      
    +--+------------------------------+------+---------+---------+
       Total:                         52     0         0      
                                                              
       Stack:                         0      0         512    
    +--+------------------------------+------+---------+---------+
       Grand Total:                   1292   620       512    


GLOBAL SYMBOLS: SORTED ALPHABETICALLY BY Name 

address   name                          
-------   ----                          
00000777  C$$EXIT                       
0000035f  Clear_Screen                  
00000383  Ekran_Ac_Kapa                 
000003b3  Ekrana_Kelime_Yaz             
000003a3  Fonksiyon_se_u00e7            
000006e9  GPIODirModeSet                
000003f1  GPIOPadConfigSet              
00000741  GPIOPinTypeGPIOOutput         
00000767  GPIOPinWrite                  
00000373  Giri_u00fe_Kipini_Se_u00e7    
00000369  Kurs_u00f6r_Ba_u00fea_D_u00f6n
00000393  Kurs_u00f6r_kayd_u00fdr       
00000331  LCD_Init                      
0000026d  Lcd_Port_Enable               
0000075b  ResetISR                      
000002b5  Send_Command                  
000002ed  Send_Data                     
0000055d  SysCtlClockSet                
0000076d  SysCtlDelay                   
000006b5  SysCtlPeripheralEnable        
20000200  __STACK_END                   
00000200  __STACK_SIZE                  
20000200  __STACK_TOP                   
ffffffff  __TI_pprof_out_hndl           
ffffffff  __TI_prof_data_size           
ffffffff  __TI_prof_data_start          
00000000  __TI_static_base__            
ffffffff  __binit__                     
ffffffff  __c_args__                    
UNDEFED   __mpu_init                    
20000000  __stack                       
20000000  __start___llvm_prf_cnts       
20000000  __stop___llvm_prf_cnts        
00000715  _c_int00_noinit_noargs        
00000773  _system_pre_init              
00000777  abort                         
ffffffff  binit                         
00000000  g_pfnVectors                  
00000651  main                          


GLOBAL SYMBOLS: SORTED BY Symbol Address 

address   name                          
-------   ----                          
00000000  __TI_static_base__            
00000000  g_pfnVectors                  
00000200  __STACK_SIZE                  
0000026d  Lcd_Port_Enable               
000002b5  Send_Command                  
000002ed  Send_Data                     
00000331  LCD_Init                      
0000035f  Clear_Screen                  
00000369  Kurs_u00f6r_Ba_u00fea_D_u00f6n
00000373  Giri_u00fe_Kipini_Se_u00e7    
00000383  Ekran_Ac_Kapa                 
00000393  Kurs_u00f6r_kayd_u00fdr       
000003a3  Fonksiyon_se_u00e7            
000003b3  Ekrana_Kelime_Yaz             
000003f1  GPIOPadConfigSet              
0000055d  SysCtlClockSet                
00000651  main                          
000006b5  SysCtlPeripheralEnable        
000006e9  GPIODirModeSet                
00000715  _c_int00_noinit_noargs        
00000741  GPIOPinTypeGPIOOutput         
0000075b  ResetISR                      
00000767  GPIOPinWrite                  
0000076d  SysCtlDelay                   
00000773  _system_pre_init              
00000777  C$$EXIT                       
00000777  abort                         
20000000  __stack                       
20000000  __start___llvm_prf_cnts       
20000000  __stop___llvm_prf_cnts        
20000200  __STACK_END                   
20000200  __STACK_TOP                   
ffffffff  __TI_pprof_out_hndl           
ffffffff  __TI_prof_data_size           
ffffffff  __TI_prof_data_start          
ffffffff  __binit__                     
ffffffff  __c_args__                    
ffffffff  binit                         
UNDEFED   __mpu_init                    

[39 symbols]
