******************************************************************************
                  TI ARM Linker PC v20.2.7                     
******************************************************************************
>> Linked Fri Nov 10 01:48:46 2023

OUTPUT FILE NAME:   <Timer_Apisiz.out>
ENTRY POINT SYMBOL: "_c_int00_noargs"  address: 00002e51


MEMORY CONFIGURATION

         name            origin    length      used     unused   attr    fill
----------------------  --------  ---------  --------  --------  ----  --------
  FLASH                 00000000   00040000  0000356c  0003ca94  R  X
  SRAM                  20000000   00008000  00000495  00007b6b  RW X


SEGMENT ALLOCATION MAP

run origin  load origin   length   init length attrs members
----------  ----------- ---------- ----------- ----- -------
00000000    00000000    00003570   00003570    r-x
  00000000    00000000    0000026c   0000026c    r-- .intvecs
  0000026c    0000026c    00002c88   00002c88    r-x .text
  00002ef4    00002ef4    00000628   00000628    r-- .const
  00003520    00003520    00000050   00000050    r-- .cinit
20000000    20000000    00000499   00000000    rw-
  20000000    20000000    0000026c   00000000    rw- .vtable
  20000270    20000270    00000200   00000000    rw- .stack
  20000470    20000470    00000029   00000000    rw- .data


SECTION ALLOCATION MAP

 output                                  attributes/
section   page    origin      length       input sections
--------  ----  ----------  ----------   ----------------
.intvecs   0    00000000    0000026c     
                  00000000    0000026c     tm4c123gh6pm_startup_ccs.obj (.intvecs)

.text      0    0000026c    00002c88     
                  0000026c    0000274c     main.obj (.text)
                  000029b8    00000318     LCD.obj (.text)
                  00002cd0    0000009c     rtsv7M4_T_le_v4SPD16_eabi.lib : memcpy_t2.asm.obj (.text)
                  00002d6c    00000068                                   : copy_decompress_lzss.c.obj (.text:decompress:lzss:__TI_decompress_lzss)
                  00002dd4    00000044                                   : autoinit.c.obj (.text:__TI_auto_init_nobinit_nopinit:__TI_auto_init_nobinit_nopinit)
                  00002e18    00000038     DELAY.obj (.text)
                  00002e50    00000034     rtsv7M4_T_le_v4SPD16_eabi.lib : boot_cortex_m.c.obj (.text:_c_int00_noargs:_c_int00_noargs)
                  00002e84    0000001c                                   : copy_zero_init.c.obj (.text:decompress:ZI:__TI_zero_init_nomemset:__TI_zero_init_nomemset)
                  00002ea0    0000000e                                   : copy_decompress_none.c.obj (.text:decompress:none:__TI_decompress_none)
                  00002eae    0000000c     driverlib.lib : cpu.obj (.text:CPUcpsid)
                  00002eba    0000000c                   : cpu.obj (.text:CPUcpsie)
                  00002ec6    0000000c     tm4c123gh6pm_startup_ccs.obj (.text)
                  00002ed2    0000000a     driverlib.lib : cpu.obj (.text:CPUbasepriGet)
                  00002edc    00000006                   : cpu.obj (.text:CPUbasepriSet)
                  00002ee2    00000006     main.obj (.text:SysCtlDelay)
                  00002ee8    00000004     driverlib.lib : cpu.obj (.text:CPUwfi)
                  00002eec    00000004     rtsv7M4_T_le_v4SPD16_eabi.lib : pre_init.c.obj (.text:_system_pre_init)
                  00002ef0    00000004                                   : exit.c.obj (.text:abort:abort)

.const     0    00002ef4    00000628     
                  00002ef4    000001b0     main.obj (.const:g_pppui32XTALtoVCO)
                  000030a4    000000d8     main.obj (.const:g_ppui32GPIOIntMapSnowflake)
                  0000317c    000000c0     main.obj (.const:g_ppui32GPIOIntMapBlizzard)
                  0000323c    0000009c     main.obj (.const:g_pui32Regs)
                  000032d8    00000090     main.obj (.const:g_pui32GPIOBaseAddrs)
                  00003368    0000006c     main.obj (.const:g_pui32Xtals)
                  000033d4    00000060     main.obj (.const:g_ppui32TimerIntMap)
                  00003434    00000040     main.obj (.const:g_ppui32TimerIntMapSnowflake)
                  00003474    00000030     main.obj (.const:g_sXTALtoMEMTIM)
                  000034a4    00000020     main.obj (.const:g_pui32Priority)
                  000034c4    00000014     main.obj (.const:g_pui32Dii16Regs)
                  000034d8    00000014     main.obj (.const:g_pui32EnRegs)
                  000034ec    00000014     main.obj (.const:g_pui32PendRegs)
                  00003500    00000014     main.obj (.const:g_pui32UnpendRegs)
                  00003514    00000008     main.obj (.const:g_pui32VCOFrequencies)

.cinit     0    00003520    00000050     
                  00003520    00000029     (.cinit..data.load) [load image, compression = lzss]
                  00003549    00000003     --HOLE-- [fill = 0]
                  0000354c    0000000c     (__TI_handler_table)
                  00003558    00000008     (.cinit..vtable.load) [load image, compression = zero_init]
                  00003560    00000010     (__TI_cinit_table)

.init_array 
*          0    00000000    00000000     UNINITIALIZED

.vtable    0    20000000    0000026c     UNINITIALIZED
                  20000000    0000026c     main.obj (.vtable)

.data      0    20000470    00000029     UNINITIALIZED
                  20000470    00000018     main.obj (.data)
                  20000488    00000011     main.obj (.data:string1)

.stack     0    20000270    00000200     UNINITIALIZED
                  20000270    00000004     rtsv7M4_T_le_v4SPD16_eabi.lib : boot_cortex_m.c.obj (.stack)
                  20000274    000001fc     --HOLE--

__llvm_prf_cnts 
*          0    20000000    00000000     UNINITIALIZED

MODULE SUMMARY

       Module                         code    ro data   rw data
       ------                         ----    -------   -------
    .\
       main.obj                       10066   1576      661    
       LCD.obj                        792     0         0      
       tm4c123gh6pm_startup_ccs.obj   12      620       0      
       DELAY.obj                      56      0         0      
    +--+------------------------------+-------+---------+---------+
       Total:                         10926   2196      661    
                                                               
    C:/ti/TivaWare_C_Series-2.2.0.295/driverlib/ccs/Debug/driverlib.lib
       cpu.obj                        44      0         0      
    +--+------------------------------+-------+---------+---------+
       Total:                         44      0         0      
                                                               
    C:\ti\ccs1230\ccs\tools\compiler\ti-cgt-arm_20.2.7.LTS\lib\rtsv7M4_T_le_v4SPD16_eabi.lib
       memcpy_t2.asm.obj              156     0         0      
       copy_decompress_lzss.c.obj     104     0         0      
       autoinit.c.obj                 68      0         0      
       boot_cortex_m.c.obj            52      0         0      
       copy_zero_init.c.obj           28      0         0      
       copy_decompress_none.c.obj     14      0         0      
       exit.c.obj                     4       0         0      
       pre_init.c.obj                 4       0         0      
    +--+------------------------------+-------+---------+---------+
       Total:                         430     0         0      
                                                               
       Stack:                         0       0         512    
       Linker Generated:              0       77        0      
    +--+------------------------------+-------+---------+---------+
       Grand Total:                   11400   2273      1173   


LINKER GENERATED COPY TABLES

__TI_cinit_table @ 00003560 records: 2, size/record: 8, table size: 16
	.data: load addr=00003520, load size=00000029 bytes, run addr=20000470, run size=00000029 bytes, compression=lzss
	.vtable: load addr=00003558, load size=00000008 bytes, run addr=20000000, run size=0000026c bytes, compression=zero_init


LINKER GENERATED HANDLER TABLE

__TI_handler_table @ 0000354c records: 3, size/record: 4, table size: 12
	index: 0, handler: __TI_zero_init
	index: 1, handler: __TI_decompress_lzss
	index: 2, handler: __TI_decompress_none


GLOBAL SYMBOLS: SORTED ALPHABETICALLY BY Name 

address   name                                    
-------   ----                                    
00002ef1  C$$EXIT                                 
00002ed3  CPUbasepriGet                           
00002edd  CPUbasepriSet                           
00002eaf  CPUcpsid                                
00002ebb  CPUcpsie                                
00002ee9  CPUwfi                                  
00002b33  Clean_Screen                            
00002b3d  Cursor_Back_to_Top                      
000027c1  GPIOADCTriggerDisable                   
000027a3  GPIOADCTriggerEnable                    
00002785  GPIODMATriggerDisable                   
00002767  GPIODMATriggerEnable                    
00001cb5  GPIODirModeGet                          
00001c59  GPIODirModeSet                          
00002271  GPIOIntClear                            
00002235  GPIOIntDisable                          
00002211  GPIOIntEnable                           
00002285  GPIOIntRegister                         
000022bd  GPIOIntRegisterPin                      
0000224f  GPIOIntStatus                           
00001da5  GPIOIntTypeGet                          
00001d01  GPIOIntTypeSet                          
000022a3  GPIOIntUnregister                       
000022eb  GPIOIntUnregisterPin                    
0000209f  GPIOPadConfigGet                        
00001e31  GPIOPadConfigSet                        
00002709  GPIOPinConfigure                        
0000230f  GPIOPinRead                             
00002347  GPIOPinTypeADC                          
0000236b  GPIOPinTypeCAN                          
0000238f  GPIOPinTypeComparator                   
000023b3  GPIOPinTypeComparatorOutput             
000023d7  GPIOPinTypeDIVSCLK                      
000023fb  GPIOPinTypeEPI                          
0000241f  GPIOPinTypeEthernetLED                  
00002443  GPIOPinTypeEthernetMII                  
00002467  GPIOPinTypeGPIOInput                    
0000248b  GPIOPinTypeGPIOOutput                   
000024b5  GPIOPinTypeGPIOOutputOD                 
000024d9  GPIOPinTypeHibernateRTCCLK              
000024fd  GPIOPinTypeI2C                          
00002521  GPIOPinTypeI2CSCL                       
00002545  GPIOPinTypeLCD                          
00002569  GPIOPinTypeOneWire                      
0000258d  GPIOPinTypePWM                          
000025b1  GPIOPinTypeQEI                          
000025d5  GPIOPinTypeSSI                          
000025f9  GPIOPinTypeTimer                        
0000261d  GPIOPinTypeTrace                        
00002641  GPIOPinTypeUART                         
00002665  GPIOPinTypeUSBAnalog                    
00002689  GPIOPinTypeUSBDigital                   
000026ad  GPIOPinTypeWakeHigh                     
000026d3  GPIOPinTypeWakeLow                      
000026f9  GPIOPinWakeStatus                       
00002327  GPIOPinWrite                            
000027df  GPIOUnlockPin                           
000013a5  IntDisable                              
0000132d  IntEnable                               
00001425  IntIsEnabled                            
000011cb  IntMasterDisable                        
000011bb  IntMasterEnable                         
00001519  IntPendClear                            
000014a9  IntPendSet                              
000012fd  IntPriorityGet                          
0000126b  IntPriorityGroupingGet                  
00001251  IntPriorityGroupingSet                  
00001573  IntPriorityMaskGet                      
00001567  IntPriorityMaskSet                      
000012a9  IntPrioritySet                          
000011db  IntRegister                             
0000157b  IntTrigger                              
00001231  IntUnregister                           
00002ae9  Lcd_Init                                
000029b9  Lcd_Port_Enable                         
00002bfb  Puts_to_x_y                             
00002ec7  ResetISR                                
00002b65  Screen_On_Off                           
00002bab  Select_Function                         
00002b47  Select_Login_Mode                       
000029e1  Send_Command                            
00002a5b  Send_Data                               
000029d1  Send_Thirty_Hex                         
00002b8d  Slide_Cursor                            
000011a9  SysCtlAltClkConfig                      
000008d1  SysCtlClockFreqSet                      
00000d99  SysCtlClockGet                          
0000118d  SysCtlClockOutConfig                    
00000bc9  SysCtlClockSet                          
000007d5  SysCtlDeepSleep                         
00000f5d  SysCtlDeepSleepClockConfigSet           
00000f3f  SysCtlDeepSleepClockSet                 
000007b5  SysCtlDeepSleepPowerSet                 
00002ee3  SysCtlDelay                             
00000363  SysCtlFlashSectorSizeGet                
00000337  SysCtlFlashSizeGet                      
00001033  SysCtlGPIOAHBDisable                    
00001017  SysCtlGPIOAHBEnable                     
00000749  SysCtlIntClear                          
00000731  SysCtlIntDisable                        
0000071d  SysCtlIntEnable                         
000006f5  SysCtlIntRegister                       
00000759  SysCtlIntStatus                         
0000070d  SysCtlIntUnregister                     
0000079b  SysCtlLDODeepSleepGet                   
0000078b  SysCtlLDODeepSleepSet                   
00000785  SysCtlLDOSleepGet                       
00000775  SysCtlLDOSleepSet                       
0000080b  SysCtlMOSCConfigSet                     
00001171  SysCtlNMIClear                          
0000115d  SysCtlNMIStatus                         
00000821  SysCtlPIOSCCalibrate                    
00001001  SysCtlPWMClockGet                       
00000fe7  SysCtlPWMClockSet                       
000006a1  SysCtlPeripheralClockGating             
00000659  SysCtlPeripheralDeepSleepDisable        
00000609  SysCtlPeripheralDeepSleepEnable         
00000545  SysCtlPeripheralDisable                 
00000509  SysCtlPeripheralEnable                  
00000445  SysCtlPeripheralPowerOff                
00000409  SysCtlPeripheralPowerOn                 
00000389  SysCtlPeripheralPresent                 
000003c9  SysCtlPeripheralReady                   
00000481  SysCtlPeripheralReset                   
000005cd  SysCtlPeripheralSleepDisable            
00000589  SysCtlPeripheralSleepEnable             
000007c5  SysCtlReset                             
00000881  SysCtlResetBehaviorGet                  
00000871  SysCtlResetBehaviorSet                  
000007f7  SysCtlResetCauseClear                   
000007f1  SysCtlResetCauseGet                     
0000032d  SysCtlSRAMSizeGet                       
000007cd  SysCtlSleep                             
000007a1  SysCtlSleepPowerSet                     
0000105b  SysCtlUSBPLLDisable                     
0000104f  SysCtlUSBPLLEnable                      
000010a1  SysCtlVCOGet                            
00001089  SysCtlVoltageEventClear                 
0000106d  SysCtlVoltageEventConfig                
0000107d  SysCtlVoltageEventStatus                
00001b79  TimerADCEventGet                        
00001b67  TimerADCEventSet                        
0000189b  TimerClockSourceGet                     
00001887  TimerClockSourceSet                     
0000164d  TimerConfigure                          
00001775  TimerControlEvent                       
000016cd  TimerControlLevel                       
000017a5  TimerControlStall                       
00001703  TimerControlTrigger                     
000017e1  TimerControlWaitOnTrigger               
00001b99  TimerDMAEventGet                        
00001b87  TimerDMAEventSet                        
00001629  TimerDisable                            
00001607  TimerEnable                             
00001b43  TimerIntClear                           
00001b0d  TimerIntDisable                         
00001af5  TimerIntEnable                          
00001aaf  TimerIntRegister                        
00001b25  TimerIntStatus                          
00001ad7  TimerIntUnregister                      
00001967  TimerLoadGet                            
0000199d  TimerLoadGet64                          
0000193d  TimerLoadSet                            
00001983  TimerLoadSet64                          
00001a47  TimerMatchGet                           
00001a7d  TimerMatchGet64                         
00001a1d  TimerMatchSet                           
00001a63  TimerMatchSet64                         
000018d5  TimerPrescaleGet                        
00001921  TimerPrescaleMatchGet                   
000018f1  TimerPrescaleMatchSet                   
000018ab  TimerPrescaleSet                        
00001871  TimerRTCDisable                         
00001845  TimerRTCEnable                          
00001b55  TimerSynchronize                        
00001ba7  TimerUpdateMode                         
000019cf  TimerValueGet                           
000019eb  TimerValueGet64                         
00002919  Timer_Init                              
00002c71  Write_Clock_Data_to_LCD                 
00002bf1  Write_Word_On_the_LCD_Screen_Only_Array 
00002bd3  Write_Word_On_the_LCD_Screen_Only_String
20000470  __STACK_END                             
00000200  __STACK_SIZE                            
20000470  __STACK_TOP                             
00003560  __TI_CINIT_Base                         
00003570  __TI_CINIT_Limit                        
0000354c  __TI_Handler_Table_Base                 
00003558  __TI_Handler_Table_Limit                
00002dd5  __TI_auto_init_nobinit_nopinit          
00002d6d  __TI_decompress_lzss                    
00002ea1  __TI_decompress_none                    
ffffffff  __TI_pprof_out_hndl                     
ffffffff  __TI_prof_data_size                     
ffffffff  __TI_prof_data_start                    
00000000  __TI_static_base__                      
00002e85  __TI_zero_init_nomemset                 
00002cd1  __aeabi_memcpy                          
00002cd1  __aeabi_memcpy4                         
00002cd1  __aeabi_memcpy8                         
ffffffff  __binit__                               
ffffffff  __c_args__                              
UNDEFED   __mpu_init                              
20000270  __stack                                 
20000000  __start___llvm_prf_cnts                 
20000000  __stop___llvm_prf_cnts                  
00002e51  _c_int00_noargs                         
UNDEFED   _system_post_cinit                      
00002eed  _system_pre_init                        
00002ef1  abort                                   
ffffffff  binit                                   
20000484  clock_h                                 
20000480  clock_l                                 
00002e19  delayMs                                 
00002e33  delayUs                                 
20000000  g_pfnRAMVectors                         
00000000  g_pfnVectors                            
000028d3  main                                    
00002cd1  memcpy                                  
2000047c  minute_h                                
20000478  minute_l                                
20000474  second_h                                
20000470  second_l                                
20000488  string1                                 
00002805  timer0_kesme                            


GLOBAL SYMBOLS: SORTED BY Symbol Address 

address   name                                    
-------   ----                                    
00000000  __TI_static_base__                      
00000000  g_pfnVectors                            
00000200  __STACK_SIZE                            
0000032d  SysCtlSRAMSizeGet                       
00000337  SysCtlFlashSizeGet                      
00000363  SysCtlFlashSectorSizeGet                
00000389  SysCtlPeripheralPresent                 
000003c9  SysCtlPeripheralReady                   
00000409  SysCtlPeripheralPowerOn                 
00000445  SysCtlPeripheralPowerOff                
00000481  SysCtlPeripheralReset                   
00000509  SysCtlPeripheralEnable                  
00000545  SysCtlPeripheralDisable                 
00000589  SysCtlPeripheralSleepEnable             
000005cd  SysCtlPeripheralSleepDisable            
00000609  SysCtlPeripheralDeepSleepEnable         
00000659  SysCtlPeripheralDeepSleepDisable        
000006a1  SysCtlPeripheralClockGating             
000006f5  SysCtlIntRegister                       
0000070d  SysCtlIntUnregister                     
0000071d  SysCtlIntEnable                         
00000731  SysCtlIntDisable                        
00000749  SysCtlIntClear                          
00000759  SysCtlIntStatus                         
00000775  SysCtlLDOSleepSet                       
00000785  SysCtlLDOSleepGet                       
0000078b  SysCtlLDODeepSleepSet                   
0000079b  SysCtlLDODeepSleepGet                   
000007a1  SysCtlSleepPowerSet                     
000007b5  SysCtlDeepSleepPowerSet                 
000007c5  SysCtlReset                             
000007cd  SysCtlSleep                             
000007d5  SysCtlDeepSleep                         
000007f1  SysCtlResetCauseGet                     
000007f7  SysCtlResetCauseClear                   
0000080b  SysCtlMOSCConfigSet                     
00000821  SysCtlPIOSCCalibrate                    
00000871  SysCtlResetBehaviorSet                  
00000881  SysCtlResetBehaviorGet                  
000008d1  SysCtlClockFreqSet                      
00000bc9  SysCtlClockSet                          
00000d99  SysCtlClockGet                          
00000f3f  SysCtlDeepSleepClockSet                 
00000f5d  SysCtlDeepSleepClockConfigSet           
00000fe7  SysCtlPWMClockSet                       
00001001  SysCtlPWMClockGet                       
00001017  SysCtlGPIOAHBEnable                     
00001033  SysCtlGPIOAHBDisable                    
0000104f  SysCtlUSBPLLEnable                      
0000105b  SysCtlUSBPLLDisable                     
0000106d  SysCtlVoltageEventConfig                
0000107d  SysCtlVoltageEventStatus                
00001089  SysCtlVoltageEventClear                 
000010a1  SysCtlVCOGet                            
0000115d  SysCtlNMIStatus                         
00001171  SysCtlNMIClear                          
0000118d  SysCtlClockOutConfig                    
000011a9  SysCtlAltClkConfig                      
000011bb  IntMasterEnable                         
000011cb  IntMasterDisable                        
000011db  IntRegister                             
00001231  IntUnregister                           
00001251  IntPriorityGroupingSet                  
0000126b  IntPriorityGroupingGet                  
000012a9  IntPrioritySet                          
000012fd  IntPriorityGet                          
0000132d  IntEnable                               
000013a5  IntDisable                              
00001425  IntIsEnabled                            
000014a9  IntPendSet                              
00001519  IntPendClear                            
00001567  IntPriorityMaskSet                      
00001573  IntPriorityMaskGet                      
0000157b  IntTrigger                              
00001607  TimerEnable                             
00001629  TimerDisable                            
0000164d  TimerConfigure                          
000016cd  TimerControlLevel                       
00001703  TimerControlTrigger                     
00001775  TimerControlEvent                       
000017a5  TimerControlStall                       
000017e1  TimerControlWaitOnTrigger               
00001845  TimerRTCEnable                          
00001871  TimerRTCDisable                         
00001887  TimerClockSourceSet                     
0000189b  TimerClockSourceGet                     
000018ab  TimerPrescaleSet                        
000018d5  TimerPrescaleGet                        
000018f1  TimerPrescaleMatchSet                   
00001921  TimerPrescaleMatchGet                   
0000193d  TimerLoadSet                            
00001967  TimerLoadGet                            
00001983  TimerLoadSet64                          
0000199d  TimerLoadGet64                          
000019cf  TimerValueGet                           
000019eb  TimerValueGet64                         
00001a1d  TimerMatchSet                           
00001a47  TimerMatchGet                           
00001a63  TimerMatchSet64                         
00001a7d  TimerMatchGet64                         
00001aaf  TimerIntRegister                        
00001ad7  TimerIntUnregister                      
00001af5  TimerIntEnable                          
00001b0d  TimerIntDisable                         
00001b25  TimerIntStatus                          
00001b43  TimerIntClear                           
00001b55  TimerSynchronize                        
00001b67  TimerADCEventSet                        
00001b79  TimerADCEventGet                        
00001b87  TimerDMAEventSet                        
00001b99  TimerDMAEventGet                        
00001ba7  TimerUpdateMode                         
00001c59  GPIODirModeSet                          
00001cb5  GPIODirModeGet                          
00001d01  GPIOIntTypeSet                          
00001da5  GPIOIntTypeGet                          
00001e31  GPIOPadConfigSet                        
0000209f  GPIOPadConfigGet                        
00002211  GPIOIntEnable                           
00002235  GPIOIntDisable                          
0000224f  GPIOIntStatus                           
00002271  GPIOIntClear                            
00002285  GPIOIntRegister                         
000022a3  GPIOIntUnregister                       
000022bd  GPIOIntRegisterPin                      
000022eb  GPIOIntUnregisterPin                    
0000230f  GPIOPinRead                             
00002327  GPIOPinWrite                            
00002347  GPIOPinTypeADC                          
0000236b  GPIOPinTypeCAN                          
0000238f  GPIOPinTypeComparator                   
000023b3  GPIOPinTypeComparatorOutput             
000023d7  GPIOPinTypeDIVSCLK                      
000023fb  GPIOPinTypeEPI                          
0000241f  GPIOPinTypeEthernetLED                  
00002443  GPIOPinTypeEthernetMII                  
00002467  GPIOPinTypeGPIOInput                    
0000248b  GPIOPinTypeGPIOOutput                   
000024b5  GPIOPinTypeGPIOOutputOD                 
000024d9  GPIOPinTypeHibernateRTCCLK              
000024fd  GPIOPinTypeI2C                          
00002521  GPIOPinTypeI2CSCL                       
00002545  GPIOPinTypeLCD                          
00002569  GPIOPinTypeOneWire                      
0000258d  GPIOPinTypePWM                          
000025b1  GPIOPinTypeQEI                          
000025d5  GPIOPinTypeSSI                          
000025f9  GPIOPinTypeTimer                        
0000261d  GPIOPinTypeTrace                        
00002641  GPIOPinTypeUART                         
00002665  GPIOPinTypeUSBAnalog                    
00002689  GPIOPinTypeUSBDigital                   
000026ad  GPIOPinTypeWakeHigh                     
000026d3  GPIOPinTypeWakeLow                      
000026f9  GPIOPinWakeStatus                       
00002709  GPIOPinConfigure                        
00002767  GPIODMATriggerEnable                    
00002785  GPIODMATriggerDisable                   
000027a3  GPIOADCTriggerEnable                    
000027c1  GPIOADCTriggerDisable                   
000027df  GPIOUnlockPin                           
00002805  timer0_kesme                            
000028d3  main                                    
00002919  Timer_Init                              
000029b9  Lcd_Port_Enable                         
000029d1  Send_Thirty_Hex                         
000029e1  Send_Command                            
00002a5b  Send_Data                               
00002ae9  Lcd_Init                                
00002b33  Clean_Screen                            
00002b3d  Cursor_Back_to_Top                      
00002b47  Select_Login_Mode                       
00002b65  Screen_On_Off                           
00002b8d  Slide_Cursor                            
00002bab  Select_Function                         
00002bd3  Write_Word_On_the_LCD_Screen_Only_String
00002bf1  Write_Word_On_the_LCD_Screen_Only_Array 
00002bfb  Puts_to_x_y                             
00002c71  Write_Clock_Data_to_LCD                 
00002cd1  __aeabi_memcpy                          
00002cd1  __aeabi_memcpy4                         
00002cd1  __aeabi_memcpy8                         
00002cd1  memcpy                                  
00002d6d  __TI_decompress_lzss                    
00002dd5  __TI_auto_init_nobinit_nopinit          
00002e19  delayMs                                 
00002e33  delayUs                                 
00002e51  _c_int00_noargs                         
00002e85  __TI_zero_init_nomemset                 
00002ea1  __TI_decompress_none                    
00002eaf  CPUcpsid                                
00002ebb  CPUcpsie                                
00002ec7  ResetISR                                
00002ed3  CPUbasepriGet                           
00002edd  CPUbasepriSet                           
00002ee3  SysCtlDelay                             
00002ee9  CPUwfi                                  
00002eed  _system_pre_init                        
00002ef1  C$$EXIT                                 
00002ef1  abort                                   
0000354c  __TI_Handler_Table_Base                 
00003558  __TI_Handler_Table_Limit                
00003560  __TI_CINIT_Base                         
00003570  __TI_CINIT_Limit                        
20000000  __start___llvm_prf_cnts                 
20000000  __stop___llvm_prf_cnts                  
20000000  g_pfnRAMVectors                         
20000270  __stack                                 
20000470  __STACK_END                             
20000470  __STACK_TOP                             
20000470  second_l                                
20000474  second_h                                
20000478  minute_l                                
2000047c  minute_h                                
20000480  clock_l                                 
20000484  clock_h                                 
20000488  string1                                 
ffffffff  __TI_pprof_out_hndl                     
ffffffff  __TI_prof_data_size                     
ffffffff  __TI_prof_data_start                    
ffffffff  __binit__                               
ffffffff  __c_args__                              
ffffffff  binit                                   
UNDEFED   __mpu_init                              
UNDEFED   _system_post_cinit                      

[225 symbols]
